###############################################################################
#
# IAR ELF Linker V8.40.1.212/W32 for ARM                  08/Apr/2021  20:58:43
# Copyright 2007-2019 IAR Systems AB.
#
#    Output file  =
#        C:\Users\denis\OneDrive\Документы\IAR\STM32course\EXTI_v2\Debug\Exe\EXTI.out
#    Map file     =
#        C:\Users\denis\OneDrive\Документы\IAR\STM32course\EXTI_v2\Debug\List\EXTI.map
#    Command line =
#        -f C:\Users\denis\AppData\Local\Temp\EWB57B.tmp
#        (C:\Users\denis\OneDrive\Документы\IAR\STM32course\EXTI_v2\Debug\Obj\main.o
#        C:\Users\denis\OneDrive\Документы\IAR\STM32course\EXTI_v2\Debug\Obj\startup_stm32f051.o
#        C:\Users\denis\OneDrive\Документы\IAR\STM32course\EXTI_v2\Debug\Obj\system_stm32f0xx.o
#        --no_out_extension -o
#        C:\Users\denis\OneDrive\Документы\IAR\STM32course\EXTI_v2\Debug\Exe\EXTI.out
#        --redirect _Printf=_PrintfFullNoMb --redirect _Scanf=_ScanfFullNoMb
#        --map
#        C:\Users\denis\OneDrive\Документы\IAR\STM32course\EXTI_v2\Debug\List\EXTI.map
#        --config "C:\Program Files (x86)\IAR Systems\Embedded Workbench
#        8.3\arm\config\linker\ST\stm32f051x8.icf" --semihosting --entry
#        __iar_program_start --vfe --text_out locale)
#
###############################################################################

*******************************************************************************
*** RUNTIME MODEL ATTRIBUTES
***

CppFlavor       = *
__SystemLibrary = DLib
__dlib_version  = 6


*******************************************************************************
*** HEAP SELECTION
***

The basic heap was selected because no calls to memory allocation
functions were found in the application outside of system library
functions, and there are calls to deallocation functions in the
application.


*******************************************************************************
*** PLACEMENT SUMMARY
***

"A0":  place at address 0x800'0000 { ro section .intvec };
"P1":  place in [from 0x800'0000 to 0x800'ffff] { ro };
define block CSTACK with size = 2K, alignment = 8 { };
define block HEAP with size = 2K, alignment = 8 { };
"P2":  place in [from 0x2000'0000 to 0x2000'1fff] {
          rw, block CSTACK, block HEAP };
initialize by copy { rw };

  Section            Kind         Address   Size  Object
  -------            ----         -------   ----  ------
"A0":                                       0xc0
  .intvec            ro code   0x800'0000   0xc0  startup_stm32f051.o [1]
                             - 0x800'00c0   0xc0

"P1":                                      0x6f8
  .text              ro code   0x800'00c0  0x460  main.o [1]
  .text              ro code   0x800'0520   0xe0  I32DivModFast.o [3]
  .text              ro code   0x800'0600    0x2  IntDivZer.o [3]
  .text              ro code   0x800'0602    0x2  startup_stm32f051.o [1]
  .text              ro code   0x800'0604   0x80  system_stm32f0xx.o [1]
  .text              ro code   0x800'0684   0x3c  packbits_init_single.o [3]
  .text              ro code   0x800'06c0   0x28  data_init.o [3]
  .iar.init_table    const     0x800'06e8   0x10  - Linker created -
  .text              ro code   0x800'06f8   0x1e  cmain.o [3]
  .text              ro code   0x800'0716    0x4  low_level_init.o [2]
  .text              ro code   0x800'071a    0x8  exit.o [2]
  .text              ro code   0x800'0722    0x2  startup_stm32f051.o [1]
  .text              ro code   0x800'0724    0xa  cexit.o [3]
  .text              ro code   0x800'072e    0x2  startup_stm32f051.o [1]
  .text              ro code   0x800'0730   0x14  exit.o [4]
  .text              ro code   0x800'0744   0x10  startup_stm32f051.o [1]
  .text              ro code   0x800'0754    0xc  cstartup_M.o [3]
  .rodata            const     0x800'0760    0x4  main.o [1]
  .rodata            const     0x800'0764    0x4  main.o [1]
  .rodata            const     0x800'0768    0x4  main.o [1]
  .rodata            const     0x800'076c    0x4  main.o [1]
  .text              ro code   0x800'0770    0x2  startup_stm32f051.o [1]
  .text              ro code   0x800'0772    0x2  startup_stm32f051.o [1]
  .text              ro code   0x800'0774    0x2  startup_stm32f051.o [1]
  .text              ro code   0x800'0776    0x2  startup_stm32f051.o [1]
  .text              ro code   0x800'0778    0x2  startup_stm32f051.o [1]
  .text              ro code   0x800'077a    0x2  startup_stm32f051.o [1]
  .text              ro code   0x800'077c    0x2  startup_stm32f051.o [1]
  .text              ro code   0x800'077e    0x2  startup_stm32f051.o [1]
  .text              ro code   0x800'0780    0x2  startup_stm32f051.o [1]
  .text              ro code   0x800'0782    0x2  startup_stm32f051.o [1]
  .text              ro code   0x800'0784    0x2  startup_stm32f051.o [1]
  .text              ro code   0x800'0786    0x2  startup_stm32f051.o [1]
  .text              ro code   0x800'0788    0x2  startup_stm32f051.o [1]
  .text              ro code   0x800'078a    0x2  startup_stm32f051.o [1]
  .text              ro code   0x800'078c    0x2  startup_stm32f051.o [1]
  .text              ro code   0x800'078e    0x2  startup_stm32f051.o [1]
  .text              ro code   0x800'0790    0x2  startup_stm32f051.o [1]
  .text              ro code   0x800'0792    0x2  startup_stm32f051.o [1]
  .text              ro code   0x800'0794    0x2  startup_stm32f051.o [1]
  .text              ro code   0x800'0796    0x2  startup_stm32f051.o [1]
  .text              ro code   0x800'0798    0x2  startup_stm32f051.o [1]
  .text              ro code   0x800'079a    0x2  startup_stm32f051.o [1]
  .text              ro code   0x800'079c    0x2  startup_stm32f051.o [1]
  .text              ro code   0x800'079e    0x2  startup_stm32f051.o [1]
  .text              ro code   0x800'07a0    0x2  startup_stm32f051.o [1]
  .text              ro code   0x800'07a2    0x2  startup_stm32f051.o [1]
  .text              ro code   0x800'07a4    0x2  startup_stm32f051.o [1]
  .text              ro code   0x800'07a6    0x2  startup_stm32f051.o [1]
  .text              ro code   0x800'07a8    0x2  startup_stm32f051.o [1]
  .rodata            const     0x800'07aa    0x0  packbits_init_single.o [3]
  Initializer bytes  const     0x800'07aa    0xe  <for P2-1>
                             - 0x800'07b8  0x6f8

"P2", part 1 of 2:                          0x1c
  P2-1                        0x2000'0000   0x1c  <Init block>
    .data            inited   0x2000'0000    0x4  main.o [1]
    .data            inited   0x2000'0004    0x4  main.o [1]
    .data            inited   0x2000'0008    0x4  system_stm32f0xx.o [1]
    .bss             inited   0x2000'000c    0x4  main.o [1]
    .bss             inited   0x2000'0010    0x4  main.o [1]
    .bss             inited   0x2000'0014    0x4  main.o [1]
    .bss             inited   0x2000'0018    0x4  main.o [1]
                            - 0x2000'001c   0x1c

"P2", part 2 of 2:                         0x800
  CSTACK                      0x2000'0020  0x800  <Block>
    CSTACK           uninit   0x2000'0020  0x800  <Block tail>
                            - 0x2000'0820  0x800

Unused ranges:

         From           To    Size
         ----           --    ----
   0x800'07b8   0x800'ffff  0xf848
  0x2000'001c  0x2000'001f     0x4
  0x2000'0820  0x2000'1fff  0x17e0


*******************************************************************************
*** INIT TABLE
***

          Address      Size
          -------      ----
Copy/packbits (__iar_packbits_init_single3)
    1 source range, total size 0xe (50% of destination):
           0x800'07aa   0xe
    1 destination range, total size 0x1c:
          0x2000'0000  0x1c



*******************************************************************************
*** MODULE SUMMARY
***

    Module                  ro code  ro data  rw data
    ------                  -------  -------  -------
command line/config:
    -------------------------------------------------
    Total:

C:\Users\denis\OneDrive\Документы\IAR\STM32course\EXTI_v2\Debug\Obj: [1]
    main.o                    1'120       28       24
    startup_stm32f051.o         272
    system_stm32f0xx.o          128        2        4
    -------------------------------------------------
    Total:                    1'520       30       28

dl6M_tln.a: [2]
    exit.o                        8
    low_level_init.o              4
    -------------------------------------------------
    Total:                       12

rt6M_tl.a: [3]
    I32DivModFast.o             224
    IntDivZer.o                   2
    cexit.o                      10
    cmain.o                      30
    cstartup_M.o                 12
    data_init.o                  40
    packbits_init_single.o       60
    -------------------------------------------------
    Total:                      378

shb_l.a: [4]
    exit.o                       20
    -------------------------------------------------
    Total:                       20

    Linker created                        16    2'048
-----------------------------------------------------
    Grand Total:              1'930       46    2'076


*******************************************************************************
*** ENTRY LIST
***

Entry                       Address  Size  Type      Object
-----                       -------  ----  ----      ------
.iar.init_table$$Base    0x800'06e8         --   Gb  - Linker created -
.iar.init_table$$Limit   0x800'06f8         --   Gb  - Linker created -
?main                    0x800'06f9        Code  Gb  cmain.o [3]
CSTACK$$Base            0x2000'0020         --   Gb  - Linker created -
CSTACK$$Limit           0x2000'0820         --   Gb  - Linker created -
EXTI0_1_IRQHandler       0x800'03b5  0x36  Code  Gb  main.o [1]
LL_AHB1_GRP1_EnableClock
                         0x800'0229  0x16  Code  Lc  main.o [1]
LL_APB1_GRP2_EnableClock
                         0x800'023f  0x16  Code  Lc  main.o [1]
LL_EXTI_ClearFlag_0_31   0x800'02a9   0x6  Code  Lc  main.o [1]
LL_EXTI_EnableIT_0_31    0x800'0295   0xa  Code  Lc  main.o [1]
LL_EXTI_EnableRisingTrig_0_31
                         0x800'029f   0xa  Code  Lc  main.o [1]
LL_FLASH_SetLatency      0x800'021b   0xe  Code  Lc  main.o [1]
LL_GPIO_IsOutputPinSet   0x800'0271  0x14  Code  Lc  main.o [1]
LL_GPIO_ResetOutputPin   0x800'0289   0x4  Code  Lc  main.o [1]
LL_GPIO_SetOutputPin     0x800'0285   0x4  Code  Lc  main.o [1]
LL_GPIO_SetPinMode       0x800'0255  0x1c  Code  Lc  main.o [1]
LL_GPIO_TogglePin        0x800'028d   0x8  Code  Lc  main.o [1]
LL_InitTick              0x800'02af  0x22  Code  Lc  main.o [1]
LL_RCC_GetSysClkSource   0x800'0183   0xa  Code  Lc  main.o [1]
LL_RCC_HSI_Enable        0x800'015b   0xc  Code  Lc  main.o [1]
LL_RCC_HSI_IsReady       0x800'0167   0xe  Code  Lc  main.o [1]
LL_RCC_PLL_ConfigDomain_SYS
                         0x800'01c5  0x2a  Code  Lc  main.o [1]
LL_RCC_PLL_Enable        0x800'01a9   0xe  Code  Lc  main.o [1]
LL_RCC_PLL_IsReady       0x800'01b7   0xe  Code  Lc  main.o [1]
LL_RCC_SetAHBPrescaler   0x800'018d   0xe  Code  Lc  main.o [1]
LL_RCC_SetAPB1Prescaler
                         0x800'019b   0xe  Code  Lc  main.o [1]
LL_RCC_SetSysClkSource   0x800'0175   0xe  Code  Lc  main.o [1]
LL_SYSCFG_SetEXTISource
                         0x800'01ef  0x2c  Code  Lc  main.o [1]
LL_SYSTICK_EnableIT      0x800'02d1   0xc  Code  Lc  main.o [1]
NVIC_EnableIRQ           0x800'00c1   0xe  Code  Lc  main.o [1]
NVIC_SetPriority         0x800'00cf  0x8c  Code  Lc  main.o [1]
Region$$Table$$Base      0x800'06e8         --   Gb  - Linker created -
Region$$Table$$Limit     0x800'06f8         --   Gb  - Linker created -
SysTick_Handler          0x800'041d  0x8c  Code  Gb  main.o [1]
SystemCoreClock         0x2000'0008   0x4  Data  Gb  system_stm32f0xx.o [1]
SystemInit               0x800'0605  0x52  Code  Gb  system_stm32f0xx.o [1]
__ICFEDIT_region_RAM_end__ {Abs}
                        0x2000'1fff        Data  Gb  <internal module>
__ICFEDIT_region_RAM_start__ {Abs}
                        0x2000'0000        Data  Gb  <internal module>
__aeabi_idiv             0x800'054d        Code  Gb  I32DivModFast.o [3]
__aeabi_idiv0            0x800'0601        Code  Gb  IntDivZer.o [3]
__aeabi_idivmod          0x800'054d        Code  Gb  I32DivModFast.o [3]
__aeabi_uidiv            0x800'0553        Code  Gb  I32DivModFast.o [3]
__aeabi_uidivmod         0x800'0553        Code  Gb  I32DivModFast.o [3]
__cmain                  0x800'06f9        Code  Gb  cmain.o [3]
__exit                   0x800'0731  0x14  Code  Gb  exit.o [4]
__iar_data_init3         0x800'06c1  0x28  Code  Gb  data_init.o [3]
__iar_packbits_init_single3
                         0x800'0685  0x3c  Code  Gb  packbits_init_single.o [3]
__iar_program_start      0x800'0755        Code  Gb  cstartup_M.o [3]
__low_level_init         0x800'0717   0x4  Code  Gb  low_level_init.o [2]
__vector_table           0x800'0000        Data  Gb  startup_stm32f051.o [1]
_call_main               0x800'0705        Code  Gb  cmain.o [3]
_exit                    0x800'0725        Code  Gb  cexit.o [3]
_main                    0x800'0713        Code  Gb  cmain.o [3]
counter                 0x2000'000c   0x4  Data  Lc  main.o [1]
counter_top             0x2000'0004   0x4  Data  Lc  main.o [1]
exit                     0x800'071b   0x8  Code  Gb  exit.o [2]
exti_config              0x800'0389  0x2c  Code  Lc  main.o [1]
exti_flag               0x2000'0014   0x4  Data  Lc  main.o [1]
gpio_config              0x800'0329  0x3a  Code  Lc  main.o [1]
main                     0x800'050d  0x14  Code  Gb  main.o [1]
pin8_flag               0x2000'0018   0x4  Data  Lc  main.o [1]
pin9_counter            0x2000'0010   0x4  Data  Lc  main.o [1]
pin9_turn_on_time        0x800'076c   0x4  Data  Lc  main.o [1]
random                   0x800'0363  0x22  Code  Gb  main.o [1]
random::a                0x800'0760   0x4  Data  Lc  main.o [1]
random::b                0x800'0764   0x4  Data  Lc  main.o [1]
random::m                0x800'0768   0x4  Data  Lc  main.o [1]
random::num             0x2000'0000   0x4  Data  Lc  main.o [1]
rcc_config               0x800'02dd  0x4c  Code  Lc  main.o [1]
systick_config           0x800'03f1  0x1c  Code  Lc  main.o [1]


[1] = C:\Users\denis\OneDrive\Документы\IAR\STM32course\EXTI_v2\Debug\Obj
[2] = dl6M_tln.a
[3] = rt6M_tl.a
[4] = shb_l.a

  1'930 bytes of readonly  code memory
     46 bytes of readonly  data memory
  2'076 bytes of readwrite data memory

Errors: none
Warnings: none
